// Jest Snapshot v1, https://goo.gl/fbAQLP

exports[`NavDrawer renders a default state 1`] = `
<div>
  <div
    class="fui-NavDrawer"
  >
    Default NavDrawer
  </div>
</div>
`;
