// Jest Snapshot v1, https://goo.gl/fbAQLP

exports[`NavDivider renders a default state 1`] = `
<div>
  <div
    class="fui-NavDivider"
  >
    Default NavDivider
  </div>
</div>
`;
