// Jest Snapshot v1, https://goo.gl/fbAQLP

exports[`CarouselAutoplayButton renders a default state 1`] = `
<div>
  <div
    class="fui-CarouselAutoplayButton"
  >
    Default CarouselAutoplayButton
  </div>
</div>
`;
