// Jest Snapshot v1, https://goo.gl/fbAQLP

exports[`CarouselNavButton renders a default state 1`] = `
<div>
  <button
    class="fui-CarouselNavButton"
    data-tabster="{\\"focusable\\":{\\"isDefault\\":true}}"
    role="tab"
    type="button"
  >
    Default CarouselNavButton
  </button>
</div>
`;
