// Jest Snapshot v1, https://goo.gl/fbAQLP

exports[`TreeItemLayout renders a default state 1`] = `
<div>
  <div
    class="fui-TreeItemLayout"
  >
    Default TreeItemLayout
  </div>
</div>
`;
