// Jest Snapshot v1, https://goo.gl/fbAQLP

exports[`TagButton renders a default state 1`] = `
<div>
  <div
    class="fui-TagButton"
  >
    Default TagButton
  </div>
</div>
`;
