// Jest Snapshot v1, https://goo.gl/fbAQLP

exports[`DocumentCard renders DocumentCard correctly 1`] = `
<div
  className="ms-DocumentCard"
  onClick={undefined}
  onKeyDown={undefined}
  role={undefined}
  style={undefined}
  tabIndex={undefined}
>
  <div
    className="ms-DocumentCardPreview"
    style={undefined}
  />
  <div
    className="ms-DocumentCardTitle"
    title=""
  >
    
  </div>
  <div
    className="ms-DocumentCardActivity"
  >
    <div
      className="ms-DocumentCardActivity-avatars"
    >
      <div
        className="ms-DocumentCardActivity-avatar"
      >
        <div
          className=
              ms-Persona-coin
              ms-Persona--size32

          role="persentation"
          size={11}
        >
          <div
            className=
                ms-Persona-imageArea
                {
                  flex: 0 0 auto;
                  height: 32px;
                  position: relative;
                  text-align: center;
                  width: 32px;
                }
            style={undefined}
          >
            <div
              aria-hidden="true"
              className=
                  ms-Persona-initials
                  {
                    background-color: #2D89EF;
                    border-radius: 50%;
                    color: #ffffff;
                    font-size: 14px;
                    font-weight: 400;
                    height: 32px;
                    line-height: 32px;
                  }
                  @media screen and (-ms-high-contrast: active){& {
                    -ms-high-contrast-adjust: none;
                    background-color: Window !important;
                    border: 1px solid WindowText;
                    box-sizing: border-box;
                    color: WindowText;
                  }
              style={undefined}
            >
              <i
                aria-hidden={true}
                className=

                    {
                      -moz-osx-font-smoothing: grayscale;
                      -webkit-font-smoothing: antialiased;
                      display: inline-block;
                      font-family: "FabricMDL2Icons-0";
                      font-style: normal;
                      font-weight: normal;
                      speak: none;
                    }
                data-icon-name="Contact"
                role="presentation"
              >
                Óùª
              </i>
            </div>
          </div>
        </div>
      </div>
    </div>
    <div
      className="ms-DocumentCardActivity-details"
    >
      <span
        className="ms-DocumentCardActivity-name"
      >
        
      </span>
      <span
        className="ms-DocumentCardActivity-activity"
      >
        
      </span>
    </div>
  </div>
</div>
`;
