// Jest Snapshot v1, https://goo.gl/fbAQLP

exports[`ResizeGroup renders the ResizeGroup correctly 1`] = `
<div
  className="TestClassName"
>
  <div
    style={
      Object {
        "position": "relative",
      }
    }
  >
    <div
      data-automation-id="visibleContent"
      style={
        Object {
          "position": "fixed",
          "visibility": "hidden",
        }
      }
    >
      <div
        id="onRenderDataId"
      >
         Rendered data: 
        5
      </div>
    </div>
  </div>
</div>
`;
