// Jest Snapshot v1, https://goo.gl/fbAQLP

exports[`FocusZone renders FocusZone correctly with aria-describedby and aria-labelledby 1`] = `
<div
  aria-describedby="customDescribedBy"
  aria-labelledby="customLabelledBy"
  className=
      ms-FocusZone
      &:focus {
        outline: none;
      }
  data-focuszone-id="FocusZone0"
  onFocus={[Function]}
  onKeyDown={[Function]}
  onMouseDownCapture={[Function]}
/>
`;

exports[`FocusZone renders FocusZone correctly with no props 1`] = `
<div
  className=
      ms-FocusZone
      &:focus {
        outline: none;
      }
  data-focuszone-id="FocusZone0"
  onFocus={[Function]}
  onKeyDown={[Function]}
  onMouseDownCapture={[Function]}
/>
`;
