// Jest Snapshot v1, https://goo.gl/fbAQLP

exports[`CardFooter renders a default state 1`] = `
<div>
  <div
    class="fui-CardFooter"
  >
    Default CardFooter
    <div
      class="fui-CardFooter__action"
    >
      Action slot
    </div>
  </div>
</div>
`;
