// Jest Snapshot v1, https://goo.gl/fbAQLP

exports[`MenuPopover renders a default state 1`] = `
<div>
  <span
    hidden=""
  />
</div>
`;
