// Jest Snapshot v1, https://goo.gl/fbAQLP

exports[`SearchBox renders a default state 1`] = `
<div>
  <span
    class="fui-Input fui-SearchBox"
  >
    <span
      class="fui-Input__contentBefore fui-SearchBox__contentBefore"
    >
      <svg
        aria-hidden="true"
        class=""
        fill="currentColor"
        height="1em"
        viewBox="0 0 20 20"
        width="1em"
        xmlns="http://www.w3.org/2000/svg"
      >
        <path
          d="M8.5 3a5.5 5.5 0 0 1 4.23 9.02l4.12 4.13a.5.5 0 0 1-.63.76l-.07-.06-4.13-4.12A5.5 5.5 0 1 1 8.5 3Zm0 1a4.5 4.5 0 1 0 0 9 4.5 4.5 0 0 0 0-9Z"
          fill="currentColor"
        />
      </svg>
    </span>
    <input
      class="fui-Input__input fui-SearchBox__input"
      type="search"
      value=""
    />
    <span
      class="fui-Input__contentAfter fui-SearchBox__contentAfter"
    >
      <span
        aria-label="clear"
        class="fui-SearchBox__dismiss"
        role="button"
        tabindex="-1"
      >
        <svg
          aria-hidden="true"
          class=""
          fill="currentColor"
          height="1em"
          viewBox="0 0 20 20"
          width="1em"
          xmlns="http://www.w3.org/2000/svg"
        >
          <path
            d="m4.09 4.22.06-.07a.5.5 0 0 1 .63-.06l.07.06L10 9.29l5.15-5.14a.5.5 0 0 1 .63-.06l.07.06c.18.17.2.44.06.63l-.06.07L10.71 10l5.14 5.15c.18.17.2.44.06.63l-.06.07a.5.5 0 0 1-.63.06l-.07-.06L10 10.71l-5.15 5.14a.5.5 0 0 1-.63.06l-.07-.06a.5.5 0 0 1-.06-.63l.06-.07L9.29 10 4.15 4.85a.5.5 0 0 1-.06-.63l.06-.07-.06.07Z"
            fill="currentColor"
          />
        </svg>
      </span>
    </span>
  </span>
</div>
`;
