// Jest Snapshot v1, https://goo.gl/fbAQLP

exports[`DataGridHeader renders a default state 1`] = `
<div>
  <div
    class="fui-DataGridHeader fui-TableHeader"
    role="rowgroup"
  >
    Default DataGridHeader
  </div>
</div>
`;
