// Jest Snapshot v1, https://goo.gl/fbAQLP

exports[`InfoButtonLabel renders a default state 1`] = `
<div>
  <div
    class="fui-InfoButtonLabel"
  >
    Default InfoButtonLabel
  </div>
</div>
`;
