// Jest Snapshot v1, https://goo.gl/fbAQLP

exports[`CarouselNav renders a default state 1`] = `
<div>
  <div
    class="fui-CarouselNav"
  >
    Default CarouselNav
  </div>
</div>
`;
