// Jest Snapshot v1, https://goo.gl/fbAQLP

exports[`SpinButtonField renders a default state 1`] = `
<div>
  <div
    class="fui-SpinButtonField"
  >
    <span
      class="fui-Input fui-SpinButton fui-SpinButtonField__control"
    >
      <input
        appearance="outline"
        aria-valuenow="0"
        autocomplete="off"
        class="fui-SpinButton__input fui-Input__input"
        role="spinbutton"
        type="text"
        value="0"
      />
      <button
        aria-label="Increment value"
        class="fui-SpinButton__incrementButton"
        tabindex="-1"
        type="button"
      >
        <svg
          aria-hidden="true"
          class=""
          fill="currentColor"
          height="16"
          viewBox="0 0 16 16"
          width="16"
          xmlns="http://www.w3.org/2000/svg"
        >
          <path
            d="M3.15 10.35c.2.2.5.2.7 0L8 6.21l4.15 4.14a.5.5 0 00.7-.7l-4.5-4.5a.5.5 0 00-.7 0l-4.5 4.5a.5.5 0 000 .7z"
            fill="currentColor"
          />
        </svg>
      </button>
      <button
        aria-label="Decrement value"
        class="fui-SpinButton__decrementButton"
        tabindex="-1"
        type="button"
      >
        <svg
          aria-hidden="true"
          class=""
          fill="currentColor"
          height="16"
          viewBox="0 0 16 16"
          width="16"
          xmlns="http://www.w3.org/2000/svg"
        >
          <path
            d="M3.15 5.65c.2-.2.5-.2.7 0L8 9.79l4.15-4.14a.5.5 0 01.7.7l-4.5 4.5a.5.5 0 01-.7 0l-4.5-4.5a.5.5 0 010-.7z"
            fill="currentColor"
          />
        </svg>
      </button>
    </span>
  </div>
</div>
`;
