// Jest Snapshot v1, https://goo.gl/fbAQLP

exports[`CalendarPicker renders a default state 1`] = `
<div>
  <div
    class="fui-CalendarPicker"
  >
    Default CalendarPicker
  </div>
</div>
`;
