// Jest Snapshot v1, https://goo.gl/fbAQLP

exports[`PersonaIcon renders a default state 1`] = `
<div>
  <div
    class="fui-PersonaIcon"
  >
    Default PersonaIcon
  </div>
</div>
`;
