// Jest Snapshot v1, https://goo.gl/fbAQLP

exports[`Dialog renders a default state 1`] = `<div />`;
