// Jest Snapshot v1, https://goo.gl/fbAQLP

exports[`RadioItem renders a default state 1`] = `
<div>
  <span
    class="fui-RadioItem"
  >
    <div
      class=""
    >
      <div
        class="fui-RadioItem-indicator"
      />
      <input
        class=""
        id="radio-item-8"
        type="radio"
      />
    </div>
    <label
      class="fui-Label"
      for="radio-item-8"
    />
  </span>
</div>
`;
